#
# There is insufficient memory for the Java Runtime Environment to continue.
# Native memory allocation (mmap) failed to map 132120576 bytes for G1 virtual space
# Possible reasons:
#   The system is out of physical RAM or swap space
#   The process is running with CompressedOops enabled, and the Java Heap may be blocking the growth of the native heap
# Possible solutions:
#   Reduce memory load on the system
#   Increase physical memory or swap space
#   Check if swap backing store is full
#   Decrease Java heap size (-Xmx/-Xms)
#   Decrease number of Java threads
#   Decrease Java thread stack sizes (-Xss)
#   Set larger code cache with -XX:ReservedCodeCacheSize=
#   JVM is running with Unscaled Compressed Oops mode in which the Java heap is
#     placed in the first 4GB address space. The Java Heap base address is the
#     maximum limit for the native heap growth. Please use -XX:HeapBaseMinAddress
#     to set the Java Heap base and to place the Java Heap above 4GB virtual address.
# This output file may be truncated or incomplete.
#
#  Out of Memory Error (os_windows.cpp:3466), pid=42864, tid=42744
#
# JRE version:  (16.0.1+9) (build )
# Java VM: Java HotSpot(TM) 64-Bit Server VM (16.0.1+9-24, mixed mode, sharing, tiered, compressed oops, compressed class ptrs, g1 gc, windows-amd64)
# No core dump will be written. Minidumps are not enabled by default on client versions of Windows
#

---------------  S U M M A R Y ------------

Command Line: C:\Users\Sklavos17\Desktop\Tuc-Chess\TUC-Chess-AI2022\alpha-beta-client.jar

Host: Intel(R) Core(TM) i7-8750H CPU @ 2.20GHz, 12 cores, 7G,  Windows 10 , 64 bit Build 22000 (10.0.22000.675)
Time: Mon May 30 18:18:37 2022 GTB Daylight Time elapsed time: 0.011174 seconds (0d 0h 0m 0s)

---------------  T H R E A D  ---------------

Current thread (0x00000284fc620eb0):  JavaThread "Unknown thread" [_thread_in_vm, id=42744, stack(0x000000a78e900000,0x000000a78ea00000)]

Stack: [0x000000a78e900000,0x000000a78ea00000]
Native frames: (J=compiled Java code, j=interpreted, Vv=VM code, C=native code)
V  [jvm.dll+0x6687ca]
V  [jvm.dll+0x7ca3c9]
V  [jvm.dll+0x7cbb53]
V  [jvm.dll+0x7cc1b3]
V  [jvm.dll+0x242ea5]
V  [jvm.dll+0x665589]
V  [jvm.dll+0x65a175]
V  [jvm.dll+0x2fc5ab]
V  [jvm.dll+0x3037a6]
V  [jvm.dll+0x352fee]
V  [jvm.dll+0x35321f]
V  [jvm.dll+0x2d3618]
V  [jvm.dll+0x2d4854]
V  [jvm.dll+0x79ccb1]
V  [jvm.dll+0x360de1]
V  [jvm.dll+0x77a990]
V  [jvm.dll+0x3e55af]
V  [jvm.dll+0x3e7081]
C  [jli.dll+0x52fb]
C  [ucrtbase.dll+0x26c0c]
C  [KERNEL32.DLL+0x154e0]
C  [ntdll.dll+0x485b]


---------------  P R O C E S S  ---------------

Threads class SMR info:
_java_thread_list=0x00007ff82395cbb8, length=0, elements={
}

Java Threads: ( => current thread )

Other Threads:
  0x00000284fc660c90 GCTaskThread "GC Thread#0" [stack: 0x000000a78ea00000,0x000000a78eb00000] [id=34116]
  0x00000284fc671990 ConcurrentGCThread "G1 Main Marker" [stack: 0x000000a78eb00000,0x000000a78ec00000] [id=21548]
  0x00000284fc673bb0 ConcurrentGCThread "G1 Conc#0" [stack: 0x000000a78ec00000,0x000000a78ed00000] [id=13260]

[error occurred during error reporting (printing all threads), id 0xc0000005, EXCEPTION_ACCESS_VIOLATION (0xc0000005) at pc=0x00007ff8231344d7]

VM state: not at safepoint (not fully initialized)

VM Mutex/Monitor currently owned by a thread:  ([mutex/lock_event])
[0x00000284fc61d060] Heap_lock - owner thread: 0x00000284fc620eb0

Heap address: 0x0000000082200000, size: 2014 MB, Compressed Oops mode: 32-bit

CDS archive(s) mapped at: [0x0000000000000000-0x0000000000000000-0x0000000000000000), size 0, SharedBaseAddress: 0x0000000800000000, ArchiveRelocationMode: 0.
Narrow klass base: 0x0000000000000000, Narrow klass shift: 0, Narrow klass range: 0x0

GC Precious Log:
<Empty>

Heap:
 garbage-first heap   total 0K, used 0K [0x0000000082200000, 0x0000000100000000)
  region size 1024K, 0 young (0K), 0 survivors (0K)

[error occurred during error reporting (printing heap information), id 0xc0000005, EXCEPTION_ACCESS_VIOLATION (0xc0000005) at pc=0x00007ff8235124ed]

GC Heap History (0 events):
No events

Deoptimization events (0 events):
No events

Classes unloaded (0 events):
No events

Classes redefined (0 events):
No events

Internal exceptions (0 events):
No events

Events (1 events):
Event: 0.007 Loaded shared library C:\Program Files\Java\jdk-16.0.1\bin\java.dll


Dynamic libraries:
0x00007ff7c2250000 - 0x00007ff7c2260000 	C:\Program Files\Java\jdk-16.0.1\bin\javaw.exe
0x00007ff8804c0000 - 0x00007ff8806c9000 	C:\WINDOWS\SYSTEM32\ntdll.dll
0x00007ff87ec30000 - 0x00007ff87eced000 	C:\WINDOWS\System32\KERNEL32.DLL
0x00007ff87dd20000 - 0x00007ff87e099000 	C:\WINDOWS\System32\KERNELBASE.dll
0x00007ff87dc00000 - 0x00007ff87dd11000 	C:\WINDOWS\System32\ucrtbase.dll
0x00007ff871280000 - 0x00007ff871298000 	C:\Program Files\Java\jdk-16.0.1\bin\jli.dll
0x00007ff878d90000 - 0x00007ff878da9000 	C:\Program Files\Java\jdk-16.0.1\bin\VCRUNTIME140.dll
0x00007ff87f7b0000 - 0x00007ff87f85e000 	C:\WINDOWS\System32\ADVAPI32.dll
0x00007ff87f390000 - 0x00007ff87f433000 	C:\WINDOWS\System32\msvcrt.dll
0x00007ff87e3e0000 - 0x00007ff87e47e000 	C:\WINDOWS\System32\sechost.dll
0x00007ff87f5f0000 - 0x00007ff87f710000 	C:\WINDOWS\System32\RPCRT4.dll
0x00007ff87f0c0000 - 0x00007ff87f26c000 	C:\WINDOWS\System32\USER32.dll
0x00007ff860a10000 - 0x00007ff860cb5000 	C:\WINDOWS\WinSxS\amd64_microsoft.windows.common-controls_6595b64144ccf1df_6.0.22000.120_none_9d947278b86cc467\COMCTL32.dll
0x00007ff87e0a0000 - 0x00007ff87e0c6000 	C:\WINDOWS\System32\win32u.dll
0x00007ff87fe60000 - 0x00007ff87fe89000 	C:\WINDOWS\System32\GDI32.dll
0x00007ff87dae0000 - 0x00007ff87dbf2000 	C:\WINDOWS\System32\gdi32full.dll
0x00007ff87e2c0000 - 0x00007ff87e35d000 	C:\WINDOWS\System32\msvcp_win.dll
0x00007ff874f80000 - 0x00007ff874f8a000 	C:\WINDOWS\SYSTEM32\VERSION.dll
0x00007ff880210000 - 0x00007ff880241000 	C:\WINDOWS\System32\IMM32.DLL
0x00007ff87a730000 - 0x00007ff87a73c000 	C:\Program Files\Java\jdk-16.0.1\bin\vcruntime140_1.dll
0x00007ff84af50000 - 0x00007ff84afe1000 	C:\Program Files\Java\jdk-16.0.1\bin\msvcp140.dll
0x00007ff822e50000 - 0x00007ff8239fb000 	C:\Program Files\Java\jdk-16.0.1\bin\server\jvm.dll
0x00007ff87f710000 - 0x00007ff87f718000 	C:\WINDOWS\System32\PSAPI.DLL
0x00007ff870da0000 - 0x00007ff870da9000 	C:\WINDOWS\SYSTEM32\WSOCK32.dll
0x00007ff876240000 - 0x00007ff876273000 	C:\WINDOWS\SYSTEM32\WINMM.dll
0x00007ff880250000 - 0x00007ff8802bf000 	C:\WINDOWS\System32\WS2_32.dll
0x00007ff87cb60000 - 0x00007ff87cb78000 	C:\WINDOWS\SYSTEM32\kernel.appcore.dll
0x00007ff87a710000 - 0x00007ff87a71a000 	C:\Program Files\Java\jdk-16.0.1\bin\jimage.dll
0x00007ff87b620000 - 0x00007ff87b841000 	C:\WINDOWS\SYSTEM32\DBGHELP.DLL
0x00007ff854c10000 - 0x00007ff854c41000 	C:\WINDOWS\SYSTEM32\dbgcore.DLL
0x00007ff87e240000 - 0x00007ff87e2bf000 	C:\WINDOWS\System32\bcryptPrimitives.dll
0x00007ff869f60000 - 0x00007ff869f85000 	C:\Program Files\Java\jdk-16.0.1\bin\java.dll

dbghelp: loaded successfully - version: 4.0.5 - missing functions: none
symbol engine: initialized successfully - sym options: 0x614 - pdb path: .;C:\Program Files\Java\jdk-16.0.1\bin;C:\WINDOWS\SYSTEM32;C:\WINDOWS\WinSxS\amd64_microsoft.windows.common-controls_6595b64144ccf1df_6.0.22000.120_none_9d947278b86cc467;C:\Program Files\Java\jdk-16.0.1\bin\server

VM Arguments:
java_command: C:\Users\Sklavos17\Desktop\Tuc-Chess\TUC-Chess-AI2022\alpha-beta-client.jar
java_class_path (initial): C:\Users\Sklavos17\Desktop\Tuc-Chess\TUC-Chess-AI2022\alpha-beta-client.jar
Launcher Type: SUN_STANDARD

[Global flags]
     intx CICompilerCount                          = 4                                         {product} {ergonomic}
     uint ConcGCThreads                            = 3                                         {product} {ergonomic}
     uint G1ConcRefinementThreads                  = 10                                        {product} {ergonomic}
   size_t G1HeapRegionSize                         = 1048576                                   {product} {ergonomic}
    uintx GCDrainStackTargetSize                   = 64                                        {product} {ergonomic}
   size_t InitialHeapSize                          = 132120576                                 {product} {ergonomic}
   size_t MarkStackSize                            = 4194304                                   {product} {ergonomic}
   size_t MaxHeapSize                              = 2111832064                                {product} {ergonomic}
   size_t MinHeapDeltaBytes                        = 1048576                                   {product} {ergonomic}
   size_t MinHeapSize                              = 8388608                                   {product} {ergonomic}
    uintx NonNMethodCodeHeapSize                   = 5839372                                {pd product} {ergonomic}
    uintx NonProfiledCodeHeapSize                  = 122909434                              {pd product} {ergonomic}
    uintx ProfiledCodeHeapSize                     = 122909434                              {pd product} {ergonomic}
    uintx ReservedCodeCacheSize                    = 251658240                              {pd product} {ergonomic}
     bool SegmentedCodeCache                       = true                                      {product} {ergonomic}
   size_t SoftMaxHeapSize                          = 2111832064                             {manageable} {ergonomic}
     bool UseCompressedClassPointers               = true                           {product lp64_product} {ergonomic}
     bool UseCompressedOops                        = true                           {product lp64_product} {ergonomic}
     bool UseG1GC                                  = true                                      {product} {ergonomic}
     bool UseLargePagesIndividualAllocation        = false                                  {pd product} {ergonomic}

Logging:
Log output configuration:
 #0: stdout all=warning uptime,level,tags
 #1: stderr all=off uptime,level,tags

Environment Variables:
PATH=C:\Program Files\Common Files\Oracle\Java\javapath;C:\Program Files (x86)\Razer Chroma SDK\bin;C:\Program Files\Razer Chroma SDK\bin;C:\Program Files (x86)\Razer\ChromaBroadcast\bin;C:\Program Files\Razer\ChromaBroadcast\bin;C:\Windows\system32;C:\Windows;C:\Windows\System32\Wbem;C:\Windows\System32\WindowsPowerShell\v1.0\;C:\Program Files (x86)\NVIDIA Corporation\PhysX\Common;C:\WINDOWS\system32;C:\WINDOWS;C:\WINDOWS\System32\Wbem;C:\WINDOWS\System32\WindowsPowerShell\v1.0\;C:\WINDOWS\System32\OpenSSH\;C:\Program Files\Java\jdk1.8.0_201\bin;C:\Program Files\MATLAB\R2018a\runtime\win64;C:\Program Files\MATLAB\R2018a\bin;C:\Program Files\Intel\WiFi\bin\;C:\Program Files\Common Files\Intel\WirelessCommon\;C:\WINDOWS\system32\config\systemprofile\AppData\Local\Microsoft\WindowsApps;C:\Program Files (x86)\Intel\Intel(R) Management Engine Components\DAL;C:\Program Files\Intel\Intel(R) Management Engine Components\DAL;C:\Program Files\NVIDIA Corporation\NVIDIA NvDLISR;C:\WINDOWS\system32;C:\WINDOWS;C:\WINDOWS\System32\Wbem;C:\WINDOWS\System32\WindowsPowerShell\v1.0\;C:\WINDOWS\System32\OpenSSH\;C:\Program Files\TortoiseGit\bin;C:\Program Files\Git\cmd;C:\ProgramData\chocolatey\bin;;C:\Program Files\Docker\Docker\resources\bin;C:\ProgramData\DockerDesktop\version-bin;C:\Users\Sklavos17\AppData\Local\Microsoft\WindowsApps;C:\Android\platform-tools;C:\Users\Sklavos17\AppData\Local\Programs\MiKTeX\miktex\bin\x64\;C:\Program Files\JetBrains\PyCharm Community Edition 2020.2.4\bin;C:\Users\Sklavos17\AppData\Local\Programs\Microsoft VS Code\bin;C:\Program Files\Java\jdk-15.0.2\bin;C:\Program Files\Java\jdk-16.0.1\bin
USERNAME=Sklavos17
OS=Windows_NT
PROCESSOR_IDENTIFIER=Intel64 Family 6 Model 158 Stepping 10, GenuineIntel



---------------  S Y S T E M  ---------------

OS:
 Windows 10 , 64 bit Build 22000 (10.0.22000.675)
OS uptime: 4 days 7:45 hours
Hyper-V role detected

CPU: total 12 (initial active 12) (6 cores per cpu, 2 threads per core) family 6 model 158 stepping 10 microcode 0xf0, cx8, cmov, fxsr, ht, mmx, 3dnowpref, sse, sse2, sse3, ssse3, sse4.1, sse4.2, popcnt, lzcnt, tsc, tscinvbit, avx, avx2, aes, erms, clmul, bmi1, bmi2, adx, fma, vzeroupper, clflush, clflushopt, hv

Memory: 4k page, system-wide physical 8050M (748M free)
TotalPageFile size 32626M (AvailPageFile size 61M)
current process WorkingSet (physical memory assigned to process): 10M, peak: 10M
current process commit charge ("private bytes"): 64M, peak: 190M

vm_info: Java HotSpot(TM) 64-Bit Server VM (16.0.1+9-24) for windows-amd64 JRE (16.0.1+9-24), built on Mar 26 2021 19:31:42 by "mach5one" with MS VC++ 16.7 (VS2019)

END.
